<h1>Test</h1>
<p>This is a fenced code block with language specification:</p>
<pre class="language-php"><code class="language-php">&lt;?php
$txt = &quot;Hello world!&quot;;
$x = 5;
$y = 10.5;
?&gt;
</code></pre>